---
source: crates/ccl/icn-ccl-wasm-codegen/tests/gen_test.rs
expression: program_ops
---
{
  "ops": [
    {
      "CreateProposal": {
        "title": "Cooperative Bylaws",
        "version": "1.0.0"
      }
    },
    {
      "Todo": "Unhandled DslRule in walk_rules: min_members_for_quorum = Number(10.0)"
    },
    {
      "Todo": "Unhandled DslRule in walk_rules: max_voting_period_days = Number(14.0)"
    },
    {
      "Todo": "Unhandled DslRule in walk_rules: default_proposal_duration = String(\"7d\")"
    },
    {
      "If": {
        "condition": "proposal.type == \"bylaw_change\""
      }
    },
    {
      "Todo": "Unhandled DslRule in walk_rules: quorum = Number(0.6)"
    },
    {
      "Todo": "Unhandled DslRule in walk_rules: voting_period = String(\"14d\")"
    },
    "EndIf",
    {
      "If": {
        "condition": "proposal.category == \"emergency\""
      }
    },
    {
      "Todo": "Unhandled DslRule in walk_rules: fast_track = Boolean(true)"
    },
    {
      "Todo": "Unhandled DslRule in walk_rules: notification_period = String(\"1d\")"
    },
    "Else",
    {
      "Todo": "Unhandled DslRule in walk_rules: standard_review_period = String(\"7d\")"
    },
    "EndIf",
    {
      "BeginSection": {
        "kind": "range_18_120",
        "title": "member_age_requirement"
      }
    },
    {
      "Todo": "Unhandled DslRule in walk_rules: status = String(\"eligible\")"
    },
    {
      "Todo": "Unhandled DslRule in walk_rules: requires_guardian_approval = Boolean(false)"
    },
    "EndSection",
    {
      "Todo": "Unhandled DslRule in walk_rules: min_duration = String(\"7d\")"
    },
    {
      "Todo": "Unhandled DslRule in walk_rules: max_duration = String(\"21d\")"
    },
    {
      "Todo": "Unhandled DslRule in walk_rules: default_duration = String(\"14d\")"
    },
    {
      "Todo": "Unhandled DslRule in walk_rules: pass_threshold_percentage = Number(0.66)"
    },
    {
      "Todo": "Unhandled DslRule in walk_rules: quorum_percentage = Number(0.1)"
    },
    {
      "Todo": "Unhandled DslRule in walk_rules: can_be_emergency = Boolean(true)"
    },
    {
      "Todo": "Unhandled DslRule in walk_rules: emergency_pass_threshold_percentage = Number(0.75)"
    },
    {
      "Todo": "Unhandled DslRule in walk_rules: emergency_quorum_percentage = Number(0.2)"
    },
    {
      "CallHost": {
        "fn_name": "log_event",
        "args": [
          "Map([Rule { key: \"name\", value: String(\"bylaws_loaded\") }, Rule { key: \"detail\", value: String(\"Cooperative Bylaws v1.0.0 processed\") }])"
        ]
      }
    }
  ]
}
