---
source: crates/ccl/icn-ccl-wasm-codegen/tests/gen_test.rs
expression: program_ops
---
{
  "ops": [
    {
      "CreateProposal": {
        "title": "cooperative_budget",
        "version": "0.0.0-unknown"
      }
    },
    {
      "SetProperty": {
        "key": "version",
        "value_json": "\"1.0.0\""
      }
    },
    {
      "SetProperty": {
        "key": "currency",
        "value_json": "\"USD\""
      }
    },
    {
      "SetProperty": {
        "key": "period",
        "value_json": "\"annual\""
      }
    },
    {
      "BeginSection": {
        "kind": "allocations",
        "title": null
      }
    },
    {
      "SetProperty": {
        "key": "category",
        "value_json": "\"operations\""
      }
    },
    {
      "SetProperty": {
        "key": "category",
        "value_json": "\"projects\""
      }
    },
    {
      "SetProperty": {
        "key": "category",
        "value_json": "\"reserve\""
      }
    },
    {
      "SetProperty": {
        "key": "category",
        "value_json": "\"community\""
      }
    },
    "EndSection",
    {
      "BeginSection": {
        "kind": "spending_rules",
        "title": null
      }
    },
    {
      "BeginSection": {
        "kind": "range_0_500",
        "title": "range_0_500"
      }
    },
    {
      "SetProperty": {
        "key": "approvers",
        "value_json": "1.0"
      }
    },
    {
      "SetProperty": {
        "key": "required_role",
        "value_json": "\"steward\""
      }
    },
    "EndSection",
    {
      "BeginSection": {
        "kind": "range_501_5000",
        "title": "range_501_5000"
      }
    },
    {
      "SetProperty": {
        "key": "approvers",
        "value_json": "2.0"
      }
    },
    {
      "SetProperty": {
        "key": "required_role",
        "value_json": "\"finance_committee\""
      }
    },
    "EndSection",
    {
      "BeginSection": {
        "kind": "range_5001_999999999",
        "title": "range_5001_999999999"
      }
    },
    {
      "SetProperty": {
        "key": "approval_threshold",
        "value_json": "0.6"
      }
    },
    {
      "SetProperty": {
        "key": "quorum",
        "value_json": "0.5"
      }
    },
    "EndSection",
    "EndSection",
    {
      "BeginSection": {
        "kind": "reporting",
        "title": null
      }
    },
    {
      "SetProperty": {
        "key": "frequency",
        "value_json": "\"monthly\""
      }
    },
    {
      "SetProperty": {
        "key": "fields",
        "value_json": "[\"category\",\"subcategory\",\"amount\",\"remaining_budget\",\"percentage_used\"]"
      }
    },
    {
      "SetProperty": {
        "key": "fields",
        "value_json": "[\"date\",\"amount\",\"category\",\"description\",\"authorized_by\"]"
      }
    },
    "EndSection",
    {
      "OnEvent": {
        "event": "expense.approved"
      }
    },
    {
      "MintToken": {
        "res_type": "expense_receipt",
        "amount": 1,
        "recipient": "ctx.submitter_id"
      }
    },
    {
      "AnchorData": {
        "path": "finance/expenses",
        "data_ref": "map_content_placeholder_[Rule { key: \"id\", value: String(\"ctx.expense_id\") }, Rule { key: \"details\", value: String(\"ctx.expense_details\") }, Rule { key: \"status\", value: String(\"approved\") }, Rule { key: \"approved_at\", value: Map([Rule { key: \"function_name\", value: String(\"timestamp\") }, Rule { key: \"args\", value: Map([]) }]) }]"
      }
    },
    {
      "OnEvent": {
        "event": "budget.proposed"
      }
    },
    {
      "MintToken": {
        "res_type": "budget_proposal",
        "amount": 1,
        "recipient": "ctx.proposer_id"
      }
    }
  ]
}
