---
source: crates/ccl/icn-ccl-wasm-codegen/tests/gen_test.rs
expression: program_ops
---
{
  "ops": [
    {
      "CreateProposal": {
        "title": "cooperative_budget",
        "version": "0.0.0-unknown"
      }
    },
    {
      "Todo": "Unhandled DslRule in walk_rules: version = String(\"1.0.0\")"
    },
    {
      "Todo": "Unhandled DslRule in walk_rules: currency = String(\"USD\")"
    },
    {
      "Todo": "Unhandled DslRule in walk_rules: period = String(\"annual\")"
    },
    {
      "BeginSection": {
        "kind": "allocations",
        "title": null
      }
    },
    {
      "Todo": "Unhandled DslRule in walk_rules: category = String(\"operations\")"
    },
    {
      "Todo": "Unhandled DslRule in walk_rules: category = String(\"projects\")"
    },
    {
      "Todo": "Unhandled DslRule in walk_rules: category = String(\"reserve\")"
    },
    {
      "Todo": "Unhandled DslRule in walk_rules: category = String(\"community\")"
    },
    "EndSection",
    {
      "BeginSection": {
        "kind": "spending_rules",
        "title": null
      }
    },
    {
      "BeginSection": {
        "kind": "range_0_500",
        "title": "range_0_500"
      }
    },
    {
      "Todo": "Unhandled DslRule in walk_rules: approvers = Number(1.0)"
    },
    {
      "Todo": "Unhandled DslRule in walk_rules: required_role = String(\"steward\")"
    },
    "EndSection",
    {
      "BeginSection": {
        "kind": "range_501_5000",
        "title": "range_501_5000"
      }
    },
    {
      "Todo": "Unhandled DslRule in walk_rules: approvers = Number(2.0)"
    },
    {
      "Todo": "Unhandled DslRule in walk_rules: required_role = String(\"finance_committee\")"
    },
    "EndSection",
    {
      "BeginSection": {
        "kind": "range_5001_999999999",
        "title": "range_5001_999999999"
      }
    },
    {
      "Todo": "Unhandled DslRule in walk_rules: approval_threshold = Number(0.6)"
    },
    {
      "Todo": "Unhandled DslRule in walk_rules: quorum = Number(0.5)"
    },
    "EndSection",
    "EndSection",
    {
      "BeginSection": {
        "kind": "reporting",
        "title": null
      }
    },
    {
      "Todo": "Unhandled DslRule in walk_rules: frequency = String(\"monthly\")"
    },
    {
      "Todo": "Unhandled DslRule in walk_rules: fields = List([String(\"category\"), String(\"subcategory\"), String(\"amount\"), String(\"remaining_budget\"), String(\"percentage_used\")])"
    },
    {
      "Todo": "Unhandled DslRule in walk_rules: fields = List([String(\"date\"), String(\"amount\"), String(\"category\"), String(\"description\"), String(\"authorized_by\")])"
    },
    "EndSection",
    {
      "OnEvent": {
        "event": "expense.approved"
      }
    },
    {
      "MintToken": {
        "res_type": "expense_receipt",
        "amount": 1,
        "recipient": "ctx.submitter_id"
      }
    },
    {
      "AnchorData": {
        "path": "finance/expenses",
        "data_ref": "map_content_placeholder_[Rule { key: \"id\", value: String(\"ctx.expense_id\") }, Rule { key: \"details\", value: String(\"ctx.expense_details\") }, Rule { key: \"status\", value: String(\"approved\") }, Rule { key: \"approved_at\", value: Map([Rule { key: \"function_name\", value: String(\"timestamp\") }, Rule { key: \"args\", value: Map([]) }]) }]"
      }
    },
    {
      "OnEvent": {
        "event": "budget.proposed"
      }
    },
    {
      "MintToken": {
        "res_type": "budget_proposal",
        "amount": 1,
        "recipient": "ctx.proposer_id"
      }
    }
  ]
}
