---
source: crates/ccl/icn-ccl-wasm-codegen/tests/gen_test.rs
expression: program_ops
---
{
  "ops": [
    {
      "CreateProposal": {
        "title": "role_election",
        "version": "0.0.0-unknown"
      }
    },
    {
      "SetProperty": {
        "key": "version",
        "value_json": "\"1.0.0\""
      }
    },
    {
      "BeginSection": {
        "kind": "role",
        "title": "steward"
      }
    },
    {
      "SetProperty": {
        "key": "description",
        "value_json": "\"Governance steward with administrative capabilities\""
      }
    },
    {
      "SetProperty": {
        "key": "term_length",
        "value_json": "\"365d\""
      }
    },
    {
      "SetProperty": {
        "key": "membership_duration",
        "value_json": "\"180d\""
      }
    },
    {
      "SetProperty": {
        "key": "standing",
        "value_json": "\"good\""
      }
    },
    "EndSection",
    {
      "BeginSection": {
        "kind": "role",
        "title": "finance_committee"
      }
    },
    {
      "SetProperty": {
        "key": "description",
        "value_json": "\"Committee overseeing financial decisions\""
      }
    },
    {
      "SetProperty": {
        "key": "term_length",
        "value_json": "\"365d\""
      }
    },
    {
      "SetProperty": {
        "key": "membership_duration",
        "value_json": "\"365d\""
      }
    },
    {
      "SetProperty": {
        "key": "standing",
        "value_json": "\"good\""
      }
    },
    "EndSection",
    {
      "BeginSection": {
        "kind": "role",
        "title": "community_coordinator"
      }
    },
    {
      "SetProperty": {
        "key": "description",
        "value_json": "\"Facilitates community engagement and outreach\""
      }
    },
    {
      "SetProperty": {
        "key": "term_length",
        "value_json": "\"180d\""
      }
    },
    {
      "SetProperty": {
        "key": "membership_duration",
        "value_json": "\"90d\""
      }
    },
    {
      "SetProperty": {
        "key": "standing",
        "value_json": "\"good\""
      }
    },
    "EndSection",
    {
      "BeginSection": {
        "kind": "process",
        "title": null
      }
    },
    {
      "SetProperty": {
        "key": "duration",
        "value_json": "\"14d\""
      }
    },
    {
      "SetProperty": {
        "key": "self_nomination",
        "value_json": "\"allowed\""
      }
    },
    {
      "SetProperty": {
        "key": "allowed",
        "value_json": "true"
      }
    },
    {
      "SetProperty": {
        "key": "seconds_required",
        "value_json": "2.0"
      }
    },
    {
      "SetProperty": {
        "key": "confirmation_required",
        "value_json": "true"
      }
    },
    {
      "SetProperty": {
        "key": "duration",
        "value_json": "\"14d\""
      }
    },
    {
      "SetProperty": {
        "key": "statement_allowed",
        "value_json": "true"
      }
    },
    {
      "SetProperty": {
        "key": "q_and_a_session",
        "value_json": "\"required\""
      }
    },
    {
      "SetProperty": {
        "key": "duration",
        "value_json": "\"7d\""
      }
    },
    {
      "SetProperty": {
        "key": "method",
        "value_json": "\"single_transferable_vote\""
      }
    },
    {
      "SetProperty": {
        "key": "membership_duration",
        "value_json": "\"30d\""
      }
    },
    {
      "SetProperty": {
        "key": "standing",
        "value_json": "\"good\""
      }
    },
    {
      "SetProperty": {
        "key": "quorum",
        "value_json": "0.4"
      }
    },
    {
      "SetProperty": {
        "key": "publication_delay",
        "value_json": "\"1d\""
      }
    },
    "EndSection",
    {
      "BeginSection": {
        "kind": "vacancies",
        "title": null
      }
    },
    {
      "SetProperty": {
        "key": "scenario",
        "value_json": "\"resignation\""
      }
    },
    {
      "SetProperty": {
        "key": "scenario",
        "value_json": "\"removal\""
      }
    },
    {
      "SetProperty": {
        "key": "scenario",
        "value_json": "\"insufficient_candidates\""
      }
    },
    "EndSection",
    {
      "OnEvent": {
        "event": "nomination.confirmed"
      }
    },
    {
      "MintToken": {
        "res_type": "nomination_receipt",
        "amount": 1,
        "recipient": "ctx.nominee_id",
        "data": "[{\"key\":\"role\",\"value\":\"ctx.role\"},{\"key\":\"nominated_at\",\"value\":[{\"key\":\"function_name\",\"value\":\"timestamp\"},{\"key\":\"args\",\"value\":[]}]},{\"key\":\"election_id\",\"value\":\"ctx.election_id\"}]"
      }
    },
    {
      "AnchorData": {
        "path": "governance/elections/nominations",
        "data_ref": "map_content_placeholder_[Rule { key: \"nominee\", value: String(\"ctx.nominee_id\") }, Rule { key: \"role\", value: String(\"ctx.role\") }, Rule { key: \"nominators\", value: String(\"ctx.nominators\") }, Rule { key: \"confirmed\", value: Boolean(true) }, Rule { key: \"timestamp\", value: Map([Rule { key: \"function_name\", value: String(\"timestamp\") }, Rule { key: \"args\", value: Map([]) }]) }]"
      }
    },
    {
      "OnEvent": {
        "event": "vote.cast"
      }
    },
    {
      "MintToken": {
        "res_type": "vote_receipt",
        "amount": 1,
        "recipient": "ctx.voter_id",
        "data": "[{\"key\":\"election_id\",\"value\":\"ctx.election_id\"},{\"key\":\"voted_at\",\"value\":[{\"key\":\"function_name\",\"value\":\"timestamp\"},{\"key\":\"args\",\"value\":[]}]},{\"key\":\"vote_hash\",\"value\":\"ctx.vote_hash\"}]"
      }
    },
    {
      "OnEvent": {
        "event": "election.completed"
      }
    },
    {
      "MintToken": {
        "res_type": "role_credential",
        "amount": 1,
        "recipient": "ctx.elected_members",
        "data": "[{\"key\":\"role\",\"value\":\"ctx.role\"},{\"key\":\"term_start\",\"value\":\"ctx.term_start\"},{\"key\":\"term_end\",\"value\":\"ctx.term_end\"},{\"key\":\"election_id\",\"value\":\"ctx.election_id\"}]"
      }
    },
    {
      "AnchorData": {
        "path": "governance/elections/results",
        "data_ref": "map_content_placeholder_[Rule { key: \"election_id\", value: String(\"ctx.election_id\") }, Rule { key: \"role\", value: String(\"ctx.role\") }, Rule { key: \"elected_members\", value: String(\"ctx.elected_members\") }, Rule { key: \"vote_count\", value: String(\"ctx.vote_count\") }, Rule { key: \"quorum_reached\", value: String(\"ctx.quorum_reached\") }, Rule { key: \"timestamp\", value: Map([Rule { key: \"function_name\", value: String(\"timestamp\") }, Rule { key: \"args\", value: Map([]) }]) }]"
      }
    }
  ]
}
