---
source: crates/ccl/icn-ccl-wasm-codegen/tests/gen_test.rs
expression: program_ops
---
{
  "ops": [
    {
      "CreateProposal": {
        "title": "Cooperative Bylaws",
        "version": "1.0.0"
      }
    },
    {
      "SetProperty": {
        "key": "min_members_for_quorum",
        "value_json": "10.0"
      }
    },
    {
      "SetProperty": {
        "key": "max_voting_period_days",
        "value_json": "14.0"
      }
    },
    {
      "SetProperty": {
        "key": "default_proposal_duration",
        "value_json": "\"7d\""
      }
    },
    {
      "If": {
        "condition": "proposal.type == \"bylaw_change\""
      }
    },
    {
      "SetProperty": {
        "key": "quorum",
        "value_json": "0.6"
      }
    },
    {
      "SetProperty": {
        "key": "voting_period",
        "value_json": "\"14d\""
      }
    },
    "EndIf",
    {
      "If": {
        "condition": "proposal.category == \"emergency\""
      }
    },
    {
      "SetProperty": {
        "key": "fast_track",
        "value_json": "true"
      }
    },
    {
      "SetProperty": {
        "key": "notification_period",
        "value_json": "\"1d\""
      }
    },
    "Else",
    {
      "SetProperty": {
        "key": "standard_review_period",
        "value_json": "\"7d\""
      }
    },
    "EndIf",
    {
      "BeginSection": {
        "kind": "range_18_120",
        "title": "member_age_requirement"
      }
    },
    {
      "SetProperty": {
        "key": "status",
        "value_json": "\"eligible\""
      }
    },
    {
      "SetProperty": {
        "key": "requires_guardian_approval",
        "value_json": "false"
      }
    },
    "EndSection",
    {
      "SetProperty": {
        "key": "min_duration",
        "value_json": "\"7d\""
      }
    },
    {
      "SetProperty": {
        "key": "max_duration",
        "value_json": "\"21d\""
      }
    },
    {
      "SetProperty": {
        "key": "default_duration",
        "value_json": "\"14d\""
      }
    },
    {
      "SetProperty": {
        "key": "pass_threshold_percentage",
        "value_json": "0.66"
      }
    },
    {
      "SetProperty": {
        "key": "quorum_percentage",
        "value_json": "0.1"
      }
    },
    {
      "SetProperty": {
        "key": "can_be_emergency",
        "value_json": "true"
      }
    },
    {
      "SetProperty": {
        "key": "emergency_pass_threshold_percentage",
        "value_json": "0.75"
      }
    },
    {
      "SetProperty": {
        "key": "emergency_quorum_percentage",
        "value_json": "0.2"
      }
    },
    {
      "CallHost": {
        "fn_name": "log_event",
        "args": [
          "Map([Rule { key: \"name\", value: String(\"bylaws_loaded\") }, Rule { key: \"detail\", value: String(\"Cooperative Bylaws v1.0.0 processed\") }])"
        ]
      }
    }
  ]
}
