---
source: crates/ccl/icn-ccl-wasm-codegen/tests/gen_test.rs
expression: program_ops
---
{
  "ops": [
    {
      "CreateProposal": {
        "title": "role_election",
        "version": "0.0.0-unknown"
      }
    },
    {
      "Todo": "Unhandled DslRule in walk_rules: version = String(\"1.0.0\")"
    },
    {
      "Todo": "Role definition: steward"
    },
    {
      "Todo": "Role definition: finance_committee"
    },
    {
      "Todo": "Role definition: community_coordinator"
    },
    {
      "BeginSection": {
        "kind": "process",
        "title": null
      }
    },
    {
      "Todo": "Unhandled DslRule in walk_rules: duration = String(\"14d\")"
    },
    {
      "Todo": "Unhandled DslRule in walk_rules: self_nomination = String(\"allowed\")"
    },
    {
      "Todo": "Unhandled DslRule in walk_rules: allowed = Boolean(true)"
    },
    {
      "Todo": "Unhandled DslRule in walk_rules: seconds_required = Number(2.0)"
    },
    {
      "Todo": "Unhandled DslRule in walk_rules: confirmation_required = Boolean(true)"
    },
    {
      "Todo": "Unhandled DslRule in walk_rules: duration = String(\"14d\")"
    },
    {
      "Todo": "Unhandled DslRule in walk_rules: statement_allowed = Boolean(true)"
    },
    {
      "Todo": "Unhandled DslRule in walk_rules: q_and_a_session = String(\"required\")"
    },
    {
      "Todo": "Unhandled DslRule in walk_rules: duration = String(\"7d\")"
    },
    {
      "Todo": "Unhandled DslRule in walk_rules: method = String(\"single_transferable_vote\")"
    },
    {
      "Todo": "Unhandled DslRule in walk_rules: membership_duration = String(\"30d\")"
    },
    {
      "Todo": "Unhandled DslRule in walk_rules: standing = String(\"good\")"
    },
    {
      "Todo": "Unhandled DslRule in walk_rules: quorum = Number(0.4)"
    },
    {
      "Todo": "Unhandled DslRule in walk_rules: publication_delay = String(\"1d\")"
    },
    "EndSection",
    {
      "BeginSection": {
        "kind": "vacancies",
        "title": null
      }
    },
    {
      "Todo": "Unhandled DslRule in walk_rules: scenario = String(\"resignation\")"
    },
    {
      "Todo": "Unhandled DslRule in walk_rules: scenario = String(\"removal\")"
    },
    {
      "Todo": "Unhandled DslRule in walk_rules: scenario = String(\"insufficient_candidates\")"
    },
    "EndSection",
    {
      "OnEvent": {
        "event": "nomination.confirmed"
      }
    },
    {
      "MintToken": {
        "res_type": "nomination_receipt",
        "amount": 1,
        "recipient": "ctx.nominee_id"
      }
    },
    {
      "AnchorData": {
        "path": "governance/elections/nominations",
        "data_ref": "map_content_placeholder_[Rule { key: \"nominee\", value: String(\"ctx.nominee_id\") }, Rule { key: \"role\", value: String(\"ctx.role\") }, Rule { key: \"nominators\", value: String(\"ctx.nominators\") }, Rule { key: \"confirmed\", value: Boolean(true) }, Rule { key: \"timestamp\", value: Map([Rule { key: \"function_name\", value: String(\"timestamp\") }, Rule { key: \"args\", value: Map([]) }]) }]"
      }
    },
    {
      "OnEvent": {
        "event": "vote.cast"
      }
    },
    {
      "MintToken": {
        "res_type": "vote_receipt",
        "amount": 1,
        "recipient": "ctx.voter_id"
      }
    },
    {
      "OnEvent": {
        "event": "election.completed"
      }
    },
    {
      "MintToken": {
        "res_type": "role_credential",
        "amount": 1,
        "recipient": "ctx.elected_members"
      }
    },
    {
      "AnchorData": {
        "path": "governance/elections/results",
        "data_ref": "map_content_placeholder_[Rule { key: \"election_id\", value: String(\"ctx.election_id\") }, Rule { key: \"role\", value: String(\"ctx.role\") }, Rule { key: \"elected_members\", value: String(\"ctx.elected_members\") }, Rule { key: \"vote_count\", value: String(\"ctx.vote_count\") }, Rule { key: \"quorum_reached\", value: String(\"ctx.quorum_reached\") }, Rule { key: \"timestamp\", value: Map([Rule { key: \"function_name\", value: String(\"timestamp\") }, Rule { key: \"args\", value: Map([]) }]) }]"
      }
    }
  ]
}
