---
source: crates/ccl/icn-ccl-compiler/src/lib.rs
expression: dsl_modules
---
[
  {
    "Proposal": {
      "id": "f0f1f2f3-f4f5-f6f7-f8f9-fafbfcfdfeff",
      "title": "role_election",
      "body": "Rules for electing members to organizational roles",
      "author": "unknown",
      "created_at": 0,
      "rules": [
        {
          "key": "version",
          "value": "1.0.0"
        }
      ]
    }
  },
  {
    "Role": {
      "name": "steward",
      "description": "Governance steward with administrative capabilities",
      "attributes": [
        {
          "key": "term_length",
          "value": "365d"
        },
        {
          "key": "requirements",
          "value": [
            {
              "key": "membership_duration",
              "value": "180d"
            },
            {
              "key": "standing",
              "value": "good"
            }
          ]
        }
      ]
    }
  },
  {
    "Role": {
      "name": "finance_committee",
      "description": "Committee overseeing financial decisions",
      "attributes": [
        {
          "key": "term_length",
          "value": "365d"
        },
        {
          "key": "requirements",
          "value": [
            {
              "key": "membership_duration",
              "value": "365d"
            },
            {
              "key": "standing",
              "value": "good"
            }
          ]
        }
      ]
    }
  },
  {
    "Role": {
      "name": "community_coordinator",
      "description": "Facilitates community engagement and outreach",
      "attributes": [
        {
          "key": "term_length",
          "value": "180d"
        },
        {
          "key": "requirements",
          "value": [
            {
              "key": "membership_duration",
              "value": "90d"
            },
            {
              "key": "standing",
              "value": "good"
            }
          ]
        }
      ]
    }
  },
  {
    "ActionHandler": {
      "event": "nomination.confirmed",
      "steps": [
        {
          "Metered": {
            "resource_type": "token",
            "amount": 0
          }
        },
        {
          "Anchor": {
            "payload_cid": "bafy...placeholder"
          }
        }
      ]
    }
  },
  {
    "ActionHandler": {
      "event": "vote.cast",
      "steps": [
        {
          "Metered": {
            "resource_type": "token",
            "amount": 0
          }
        }
      ]
    }
  },
  {
    "ActionHandler": {
      "event": "election.completed",
      "steps": [
        {
          "Metered": {
            "resource_type": "token",
            "amount": 0
          }
        },
        {
          "Anchor": {
            "payload_cid": "bafy...placeholder"
          }
        }
      ]
    }
  }
]
