---
source: crates/ccl/icn-ccl-compiler/src/lib.rs
expression: "serde_json::to_string_pretty(&ast).unwrap()"
---
[
  {
    "Proposal": {
      "id": "f0f1f2f3-f4f5-f6f7-f8f9-fafbfcfdfeff",
      "title": "role_election",
      "body": "Rules for electing members to organizational roles",
      "author": "unknown",
      "created_at": 0,
      "rules": [
        {
          "key": "version",
          "value": "1.0.0"
        }
      ]
    }
  },
  {
    "Role": {
      "name": "steward",
      "description": "Governance steward with administrative capabilities",
      "attributes": [
        {
          "key": "term_length",
          "value": "365d"
        }
      ]
    }
  },
  {
    "Role": {
      "name": "finance_committee",
      "description": "Committee overseeing financial decisions",
      "attributes": [
        {
          "key": "term_length",
          "value": "365d"
        }
      ]
    }
  },
  {
    "Role": {
      "name": "community_coordinator",
      "description": "Facilitates community engagement and outreach",
      "attributes": [
        {
          "key": "term_length",
          "value": "180d"
        }
      ]
    }
  }
]
