---
source: crates/ccl/icn-ccl-compiler/src/lib.rs
expression: dsl_modules
---
[
  {
    "Proposal": {
      "id": "f0f1f2f3-f4f5-f6f7-f8f9-fafbfcfdfeff",
      "title": "cooperative_budget",
      "version": "0.0.0-unknown",
      "body": "Annual cooperative budget allocation and spending rules",
      "author": "unknown",
      "created_at": 0,
      "rules": [
        {
          "key": "version",
          "value": "1.0.0"
        },
        {
          "key": "currency",
          "value": "USD"
        },
        {
          "key": "period",
          "value": "annual"
        }
      ]
    }
  },
  {
    "Section": {
      "kind": "allocations",
      "title": null,
      "rules": [
        {
          "key": "category",
          "value": "operations"
        },
        {
          "key": "category",
          "value": "projects"
        },
        {
          "key": "category",
          "value": "reserve"
        },
        {
          "key": "category",
          "value": "community"
        }
      ]
    }
  },
  {
    "Section": {
      "kind": "spending_rules",
      "title": null,
      "rules": [
        {
          "key": "thresholds",
          "value": [
            {
              "key": "range_0_500",
              "value": {
                "start": 0.0,
                "end": 500.0,
                "rules": [
                  {
                    "key": "approvers",
                    "value": 1.0
                  },
                  {
                    "key": "required_role",
                    "value": "steward"
                  }
                ]
              }
            },
            {
              "key": "range_501_5000",
              "value": {
                "start": 501.0,
                "end": 5000.0,
                "rules": [
                  {
                    "key": "approvers",
                    "value": 2.0
                  },
                  {
                    "key": "required_role",
                    "value": "finance_committee"
                  }
                ]
              }
            },
            {
              "key": "range_5001_999999999",
              "value": {
                "start": 5001.0,
                "end": 999999999.0,
                "rules": [
                  {
                    "key": "approval_threshold",
                    "value": 0.6
                  },
                  {
                    "key": "quorum",
                    "value": 0.5
                  }
                ]
              }
            }
          ]
        }
      ]
    }
  },
  {
    "Section": {
      "kind": "reporting",
      "title": null,
      "rules": [
        {
          "key": "frequency",
          "value": "monthly"
        },
        {
          "key": "reports",
          "value": [
            {
              "key": "spending_summary",
              "value": [
                {
                  "key": "fields",
                  "value": [
                    "category",
                    "subcategory",
                    "amount",
                    "remaining_budget",
                    "percentage_used"
                  ]
                }
              ]
            },
            {
              "key": "transaction_log",
              "value": [
                {
                  "key": "fields",
                  "value": [
                    "date",
                    "amount",
                    "category",
                    "description",
                    "authorized_by"
                  ]
                }
              ]
            }
          ]
        }
      ]
    }
  },
  {
    "ActionHandler": {
      "event": "expense.approved",
      "steps": [
        {
          "Metered": {
            "resource_type": "expense_receipt",
            "amount": 1,
            "recipient": "ctx.submitter_id",
            "data": [
              {
                "key": "expense_id",
                "value": "ctx.expense_id"
              },
              {
                "key": "amount",
                "value": "ctx.amount"
              },
              {
                "key": "category",
                "value": "ctx.category"
              },
              {
                "key": "approved_at",
                "value": [
                  {
                    "key": "function_name",
                    "value": "timestamp"
                  },
                  {
                    "key": "args",
                    "value": []
                  }
                ]
              },
              {
                "key": "approvers",
                "value": "ctx.approvers"
              }
            ]
          }
        },
        {
          "Anchor": {
            "data_reference": "map_content_placeholder_[Rule { key: \"id\", value: String(\"ctx.expense_id\") }, Rule { key: \"details\", value: String(\"ctx.expense_details\") }, Rule { key: \"status\", value: String(\"approved\") }, Rule { key: \"approved_at\", value: Map([Rule { key: \"function_name\", value: String(\"timestamp\") }, Rule { key: \"args\", value: Map([]) }]) }]",
            "path": "finance/expenses"
          }
        }
      ]
    }
  },
  {
    "ActionHandler": {
      "event": "budget.proposed",
      "steps": [
        {
          "Metered": {
            "resource_type": "budget_proposal",
            "amount": 1,
            "recipient": "ctx.proposer_id",
            "data": [
              {
                "key": "proposal_id",
                "value": "ctx.proposal_id"
              },
              {
                "key": "proposed_at",
                "value": [
                  {
                    "key": "function_name",
                    "value": "timestamp"
                  },
                  {
                    "key": "args",
                    "value": []
                  }
                ]
              },
              {
                "key": "total_amount",
                "value": "ctx.total_amount"
              }
            ]
          }
        }
      ]
    }
  }
]
