---
source: crates/ccl/icn-ccl-compiler/src/lib.rs
expression: dsl_modules
---
[
  {
    "Proposal": {
      "id": "f0f1f2f3-f4f5-f6f7-f8f9-fafbfcfdfeff",
      "title": "cooperative_bylaws",
      "body": "Core operational rules and governance structure for the cooperative.",
      "author": "unknown",
      "created_at": 0,
      "rules": [
        {
          "key": "version",
          "value": "1.0.0"
        },
        {
          "key": "membership_rules",
          "value": [
            {
              "key": "eligibility",
              "value": "all_welcome"
            },
            {
              "key": "application_process",
              "value": "simple_form"
            },
            {
              "key": "dues",
              "value": [
                {
                  "key": "amount",
                  "value": 0.0
                },
                {
                  "key": "currency",
                  "value": "USD"
                }
              ]
            }
          ]
        },
        {
          "key": "voting_rights",
          "value": [
            {
              "key": "standard_member",
              "value": "one_person_one_vote"
            }
          ]
        },
        {
          "key": "proposal_processing",
          "value": [
            {
              "key": "if_condition_0",
              "value": {
                "condition_raw": "proposal.type == \"bylaw_change\"",
                "then_rules": [
                  {
                    "key": "quorum",
                    "value": 0.6
                  },
                  {
                    "key": "voting_period",
                    "value": "14d"
                  }
                ],
                "else_rules": null
              }
            },
            {
              "key": "if_condition_1",
              "value": {
                "condition_raw": "proposal.category == \"emergency\"",
                "then_rules": [
                  {
                    "key": "fast_track",
                    "value": true
                  },
                  {
                    "key": "notification_period",
                    "value": "1d"
                  }
                ],
                "else_rules": [
                  {
                    "key": "standard_review_period",
                    "value": "7d"
                  }
                ]
              }
            }
          ]
        }
      ]
    }
  }
]
