---
source: crates/ccl/icn-ccl-compiler/src/lib.rs
expression: dsl_modules
---
[
  {
    "Proposal": {
      "id": "f0f1f2f3-f4f5-f6f7-f8f9-fafbfcfdfeff",
      "title": "role_election",
      "body": "Rules for electing members to organizational roles",
      "author": "unknown",
      "created_at": 0,
      "rules": [
        {
          "key": "version",
          "value": "1.0.0"
        }
      ]
    }
  },
  {
    "Role": {
      "name": "steward",
      "description": "Governance steward with administrative capabilities",
      "attributes": [
        {
          "key": "term_length",
          "value": "365d"
        },
        {
          "key": "requirements",
          "value": [
            {
              "key": "membership_duration",
              "value": "180d"
            },
            {
              "key": "standing",
              "value": "good"
            }
          ]
        }
      ]
    }
  },
  {
    "Role": {
      "name": "finance_committee",
      "description": "Committee overseeing financial decisions",
      "attributes": [
        {
          "key": "term_length",
          "value": "365d"
        },
        {
          "key": "requirements",
          "value": [
            {
              "key": "membership_duration",
              "value": "365d"
            },
            {
              "key": "standing",
              "value": "good"
            }
          ]
        }
      ]
    }
  },
  {
    "Role": {
      "name": "community_coordinator",
      "description": "Facilitates community engagement and outreach",
      "attributes": [
        {
          "key": "term_length",
          "value": "180d"
        },
        {
          "key": "requirements",
          "value": [
            {
              "key": "membership_duration",
              "value": "90d"
            },
            {
              "key": "standing",
              "value": "good"
            }
          ]
        }
      ]
    }
  },
  {
    "ActionHandler": {
      "event": "nomination.confirmed",
      "steps": [
        {
          "Metered": {
            "resource_type": "nomination_receipt",
            "amount": 1,
            "recipient": "ctx.nominee_id",
            "data": [
              {
                "key": "role",
                "value": "ctx.role"
              },
              {
                "key": "nominated_at",
                "value": [
                  {
                    "key": "function_name",
                    "value": "timestamp"
                  },
                  {
                    "key": "args",
                    "value": []
                  }
                ]
              },
              {
                "key": "election_id",
                "value": "ctx.election_id"
              }
            ]
          }
        },
        {
          "Anchor": {
            "data_reference": "map_content_placeholder_[Rule { key: \"nominee\", value: String(\"ctx.nominee_id\") }, Rule { key: \"role\", value: String(\"ctx.role\") }, Rule { key: \"nominators\", value: String(\"ctx.nominators\") }, Rule { key: \"confirmed\", value: Boolean(true) }, Rule { key: \"timestamp\", value: Map([Rule { key: \"function_name\", value: String(\"timestamp\") }, Rule { key: \"args\", value: List([]) }]) }]",
            "path": "governance/elections/nominations"
          }
        }
      ]
    }
  },
  {
    "ActionHandler": {
      "event": "vote.cast",
      "steps": [
        {
          "Metered": {
            "resource_type": "vote_receipt",
            "amount": 1,
            "recipient": "ctx.voter_id",
            "data": [
              {
                "key": "election_id",
                "value": "ctx.election_id"
              },
              {
                "key": "voted_at",
                "value": [
                  {
                    "key": "function_name",
                    "value": "timestamp"
                  },
                  {
                    "key": "args",
                    "value": []
                  }
                ]
              },
              {
                "key": "vote_hash",
                "value": "ctx.vote_hash"
              }
            ]
          }
        }
      ]
    }
  },
  {
    "ActionHandler": {
      "event": "election.completed",
      "steps": [
        {
          "Metered": {
            "resource_type": "role_credential",
            "amount": 1,
            "recipient": "ctx.elected_members",
            "data": [
              {
                "key": "role",
                "value": "ctx.role"
              },
              {
                "key": "term_start",
                "value": "ctx.term_start"
              },
              {
                "key": "term_end",
                "value": "ctx.term_end"
              },
              {
                "key": "election_id",
                "value": "ctx.election_id"
              }
            ]
          }
        },
        {
          "Anchor": {
            "data_reference": "map_content_placeholder_[Rule { key: \"election_id\", value: String(\"ctx.election_id\") }, Rule { key: \"role\", value: String(\"ctx.role\") }, Rule { key: \"elected_members\", value: String(\"ctx.elected_members\") }, Rule { key: \"vote_count\", value: String(\"ctx.vote_count\") }, Rule { key: \"quorum_reached\", value: String(\"ctx.quorum_reached\") }, Rule { key: \"timestamp\", value: Map([Rule { key: \"function_name\", value: String(\"timestamp\") }, Rule { key: \"args\", value: List([]) }]) }]",
            "path": "governance/elections/results"
          }
        }
      ]
    }
  }
]
